Analysis & Synthesis report for alu_4bit
Mon Apr 13 04:31:52 2020
Quartus Prime Version 19.1.0 Build 670 09/22/2019 SJ Lite Edition


---------------------
; Table of Contents ;
---------------------
  1. Legal Notice
  2. Analysis & Synthesis Summary
  3. Analysis & Synthesis Settings
  4. Parallel Compilation
  5. Analysis & Synthesis Source Files Read
  6. Analysis & Synthesis Resource Usage Summary
  7. Analysis & Synthesis Resource Utilization by Entity
  8. General Register Statistics
  9. Multiplexer Restructuring Statistics (Restructuring Performed)
 10. Port Connectivity Checks: "alu_1bit:u0|MUX4:u2"
 11. Post-Synthesis Netlist Statistics for Top Partition
 12. Elapsed Time Per Partition
 13. Analysis & Synthesis Messages
 14. Analysis & Synthesis Suppressed Messages



----------------
; Legal Notice ;
----------------
Copyright (C) 2019  Intel Corporation. All rights reserved.
Your use of Intel Corporation's design tools, logic functions 
and other software and tools, and any partner logic 
functions, and any output files from any of the foregoing 
(including device programming or simulation files), and any 
associated documentation or information are expressly subject 
to the terms and conditions of the Intel Program License 
Subscription Agreement, the Intel Quartus Prime License Agreement,
the Intel FPGA IP License Agreement, or other applicable license
agreement, including, without limitation, that your use is for
the sole purpose of programming logic devices manufactured by
Intel and sold by Intel or its authorized distributors.  Please
refer to the applicable agreement for further details, at
https://fpgasoftware.intel.com/eula.



+-------------------------------------------------------------------------------+
; Analysis & Synthesis Summary                                                  ;
+---------------------------------+---------------------------------------------+
; Analysis & Synthesis Status     ; Successful - Mon Apr 13 04:31:52 2020       ;
; Quartus Prime Version           ; 19.1.0 Build 670 09/22/2019 SJ Lite Edition ;
; Revision Name                   ; alu_4bit                                    ;
; Top-level Entity Name           ; alu_4bit                                    ;
; Family                          ; Cyclone V                                   ;
; Logic utilization (in ALMs)     ; N/A                                         ;
; Total registers                 ; 0                                           ;
; Total pins                      ; 16                                          ;
; Total virtual pins              ; 0                                           ;
; Total block memory bits         ; 0                                           ;
; Total DSP Blocks                ; 0                                           ;
; Total HSSI RX PCSs              ; 0                                           ;
; Total HSSI PMA RX Deserializers ; 0                                           ;
; Total HSSI TX PCSs              ; 0                                           ;
; Total HSSI PMA TX Serializers   ; 0                                           ;
; Total PLLs                      ; 0                                           ;
; Total DLLs                      ; 0                                           ;
+---------------------------------+---------------------------------------------+


+---------------------------------------------------------------------------------------------------------------------------+
; Analysis & Synthesis Settings                                                                                             ;
+---------------------------------------------------------------------------------+--------------------+--------------------+
; Option                                                                          ; Setting            ; Default Value      ;
+---------------------------------------------------------------------------------+--------------------+--------------------+
; Device                                                                          ; 5CSEMA5F31C6       ;                    ;
; Top-level entity name                                                           ; alu_4bit           ; alu_4bit           ;
; Family name                                                                     ; Cyclone V          ; Cyclone V          ;
; Use smart compilation                                                           ; Off                ; Off                ;
; Enable parallel Assembler and Timing Analyzer during compilation                ; On                 ; On                 ;
; Enable compact report table                                                     ; Off                ; Off                ;
; Restructure Multiplexers                                                        ; Auto               ; Auto               ;
; MLAB Add Timing Constraints For Mixed-Port Feed-Through Mode Setting Don't Care ; Off                ; Off                ;
; Create Debugging Nodes for IP Cores                                             ; Off                ; Off                ;
; Preserve fewer node names                                                       ; On                 ; On                 ;
; Intel FPGA IP Evaluation Mode                                                   ; Enable             ; Enable             ;
; Verilog Version                                                                 ; Verilog_2001       ; Verilog_2001       ;
; VHDL Version                                                                    ; VHDL_1993          ; VHDL_1993          ;
; State Machine Processing                                                        ; Auto               ; Auto               ;
; Safe State Machine                                                              ; Off                ; Off                ;
; Extract Verilog State Machines                                                  ; On                 ; On                 ;
; Extract VHDL State Machines                                                     ; On                 ; On                 ;
; Ignore Verilog initial constructs                                               ; Off                ; Off                ;
; Iteration limit for constant Verilog loops                                      ; 5000               ; 5000               ;
; Iteration limit for non-constant Verilog loops                                  ; 250                ; 250                ;
; Add Pass-Through Logic to Inferred RAMs                                         ; On                 ; On                 ;
; Infer RAMs from Raw Logic                                                       ; On                 ; On                 ;
; Parallel Synthesis                                                              ; On                 ; On                 ;
; DSP Block Balancing                                                             ; Auto               ; Auto               ;
; NOT Gate Push-Back                                                              ; On                 ; On                 ;
; Power-Up Don't Care                                                             ; On                 ; On                 ;
; Remove Redundant Logic Cells                                                    ; Off                ; Off                ;
; Remove Duplicate Registers                                                      ; On                 ; On                 ;
; Ignore CARRY Buffers                                                            ; Off                ; Off                ;
; Ignore CASCADE Buffers                                                          ; Off                ; Off                ;
; Ignore GLOBAL Buffers                                                           ; Off                ; Off                ;
; Ignore ROW GLOBAL Buffers                                                       ; Off                ; Off                ;
; Ignore LCELL Buffers                                                            ; Off                ; Off                ;
; Ignore SOFT Buffers                                                             ; On                 ; On                 ;
; Limit AHDL Integers to 32 Bits                                                  ; Off                ; Off                ;
; Optimization Technique                                                          ; Balanced           ; Balanced           ;
; Carry Chain Length                                                              ; 70                 ; 70                 ;
; Auto Carry Chains                                                               ; On                 ; On                 ;
; Auto Open-Drain Pins                                                            ; On                 ; On                 ;
; Perform WYSIWYG Primitive Resynthesis                                           ; Off                ; Off                ;
; Auto ROM Replacement                                                            ; On                 ; On                 ;
; Auto RAM Replacement                                                            ; On                 ; On                 ;
; Auto DSP Block Replacement                                                      ; On                 ; On                 ;
; Auto Shift Register Replacement                                                 ; Auto               ; Auto               ;
; Allow Shift Register Merging across Hierarchies                                 ; Auto               ; Auto               ;
; Auto Clock Enable Replacement                                                   ; On                 ; On                 ;
; Strict RAM Replacement                                                          ; Off                ; Off                ;
; Allow Synchronous Control Signals                                               ; On                 ; On                 ;
; Force Use of Synchronous Clear Signals                                          ; Off                ; Off                ;
; Auto Resource Sharing                                                           ; Off                ; Off                ;
; Allow Any RAM Size For Recognition                                              ; Off                ; Off                ;
; Allow Any ROM Size For Recognition                                              ; Off                ; Off                ;
; Allow Any Shift Register Size For Recognition                                   ; Off                ; Off                ;
; Use LogicLock Constraints during Resource Balancing                             ; On                 ; On                 ;
; Ignore translate_off and synthesis_off directives                               ; Off                ; Off                ;
; Timing-Driven Synthesis                                                         ; On                 ; On                 ;
; Report Parameter Settings                                                       ; On                 ; On                 ;
; Report Source Assignments                                                       ; On                 ; On                 ;
; Report Connectivity Checks                                                      ; On                 ; On                 ;
; Ignore Maximum Fan-Out Assignments                                              ; Off                ; Off                ;
; Synchronization Register Chain Length                                           ; 3                  ; 3                  ;
; Power Optimization During Synthesis                                             ; Normal compilation ; Normal compilation ;
; HDL message level                                                               ; Level2             ; Level2             ;
; Suppress Register Optimization Related Messages                                 ; Off                ; Off                ;
; Number of Removed Registers Reported in Synthesis Report                        ; 5000               ; 5000               ;
; Number of Swept Nodes Reported in Synthesis Report                              ; 5000               ; 5000               ;
; Number of Inverted Registers Reported in Synthesis Report                       ; 100                ; 100                ;
; Clock MUX Protection                                                            ; On                 ; On                 ;
; Auto Gated Clock Conversion                                                     ; Off                ; Off                ;
; Block Design Naming                                                             ; Auto               ; Auto               ;
; SDC constraint protection                                                       ; Off                ; Off                ;
; Synthesis Effort                                                                ; Auto               ; Auto               ;
; Shift Register Replacement - Allow Asynchronous Clear Signal                    ; On                 ; On                 ;
; Pre-Mapping Resynthesis Optimization                                            ; Off                ; Off                ;
; Analysis & Synthesis Message Level                                              ; Medium             ; Medium             ;
; Disable Register Merging Across Hierarchies                                     ; Auto               ; Auto               ;
; Resource Aware Inference For Block RAM                                          ; On                 ; On                 ;
; Automatic Parallel Synthesis                                                    ; On                 ; On                 ;
; Partial Reconfiguration Bitstream ID                                            ; Off                ; Off                ;
+---------------------------------------------------------------------------------+--------------------+--------------------+


+------------------------------------------+
; Parallel Compilation                     ;
+----------------------------+-------------+
; Processors                 ; Number      ;
+----------------------------+-------------+
; Number detected on machine ; 4           ;
; Maximum allowed            ; 2           ;
;                            ;             ;
; Average used               ; 1.00        ;
; Maximum used               ; 1           ;
;                            ;             ;
; Usage by Processor         ; % Time Used ;
;     Processor 1            ; 100.0%      ;
+----------------------------+-------------+


+------------------------------------------------------------------------------------------------------------------------------------------------------------------------+
; Analysis & Synthesis Source Files Read                                                                                                                                 ;
+----------------------------------+-----------------+------------------------------+--------------------------------------------------------------------------+---------+
; File Name with User-Entered Path ; Used in Netlist ; File Type                    ; File Name with Absolute Path                                             ; Library ;
+----------------------------------+-----------------+------------------------------+--------------------------------------------------------------------------+---------+
; alu_4bit.sv                      ; yes             ; User SystemVerilog HDL File  ; C:/Users/ansal/OneDrive/Desktop/Source code/Quartus/alu_4bit/alu_4bit.sv ;         ;
+----------------------------------+-----------------+------------------------------+--------------------------------------------------------------------------+---------+


+-------------------------------------------------------------+
; Analysis & Synthesis Resource Usage Summary                 ;
+---------------------------------------------+---------------+
; Resource                                    ; Usage         ;
+---------------------------------------------+---------------+
; Estimate of Logic utilization (ALMs needed) ; 8             ;
;                                             ;               ;
; Combinational ALUT usage for logic          ; 11            ;
;     -- 7 input functions                    ; 0             ;
;     -- 6 input functions                    ; 4             ;
;     -- 5 input functions                    ; 2             ;
;     -- 4 input functions                    ; 3             ;
;     -- <=3 input functions                  ; 2             ;
;                                             ;               ;
; Dedicated logic registers                   ; 0             ;
;                                             ;               ;
; I/O pins                                    ; 16            ;
;                                             ;               ;
; Total DSP Blocks                            ; 0             ;
;                                             ;               ;
; Maximum fan-out node                        ; cont[0]~input ;
; Maximum fan-out                             ; 9             ;
; Total fan-out                               ; 73            ;
; Average fan-out                             ; 1.70          ;
+---------------------------------------------+---------------+


+------------------------------------------------------------------------------------------------------------------------------------------------------------------------------------------------+
; Analysis & Synthesis Resource Utilization by Entity                                                                                                                                            ;
+----------------------------+---------------------+---------------------------+-------------------+------------+------+--------------+-----------------------------+-------------+--------------+
; Compilation Hierarchy Node ; Combinational ALUTs ; Dedicated Logic Registers ; Block Memory Bits ; DSP Blocks ; Pins ; Virtual Pins ; Full Hierarchy Name         ; Entity Name ; Library Name ;
+----------------------------+---------------------+---------------------------+-------------------+------------+------+--------------+-----------------------------+-------------+--------------+
; |alu_4bit                  ; 11 (0)              ; 0 (0)                     ; 0                 ; 0          ; 16   ; 0            ; |alu_4bit                   ; alu_4bit    ; work         ;
;    |alu_1bit:u0|           ; 2 (1)               ; 0 (0)                     ; 0                 ; 0          ; 0    ; 0            ; |alu_4bit|alu_1bit:u0       ; alu_1bit    ; work         ;
;       |FA:u1|              ; 1 (1)               ; 0 (0)                     ; 0                 ; 0          ; 0    ; 0            ; |alu_4bit|alu_1bit:u0|FA:u1 ; FA          ; work         ;
;    |alu_1bit:u1|           ; 2 (1)               ; 0 (0)                     ; 0                 ; 0          ; 0    ; 0            ; |alu_4bit|alu_1bit:u1       ; alu_1bit    ; work         ;
;       |FA:u1|              ; 1 (1)               ; 0 (0)                     ; 0                 ; 0          ; 0    ; 0            ; |alu_4bit|alu_1bit:u1|FA:u1 ; FA          ; work         ;
;    |alu_1bit:u2|           ; 2 (2)               ; 0 (0)                     ; 0                 ; 0          ; 0    ; 0            ; |alu_4bit|alu_1bit:u2       ; alu_1bit    ; work         ;
;    |alu_1bit:u3|           ; 5 (3)               ; 0 (0)                     ; 0                 ; 0          ; 0    ; 0            ; |alu_4bit|alu_1bit:u3       ; alu_1bit    ; work         ;
;       |FA:u1|              ; 2 (2)               ; 0 (0)                     ; 0                 ; 0          ; 0    ; 0            ; |alu_4bit|alu_1bit:u3|FA:u1 ; FA          ; work         ;
+----------------------------+---------------------+---------------------------+-------------------+------------+------+--------------+-----------------------------+-------------+--------------+
Note: For table entries with two numbers listed, the numbers in parentheses indicate the number of resources of the given type used by the specific entity alone. The numbers listed outside of parentheses indicate the total resources of the given type used by the specific entity and all of its sub-entities in the hierarchy.


+------------------------------------------------------+
; General Register Statistics                          ;
+----------------------------------------------+-------+
; Statistic                                    ; Value ;
+----------------------------------------------+-------+
; Total registers                              ; 0     ;
; Number of registers using Synchronous Clear  ; 0     ;
; Number of registers using Synchronous Load   ; 0     ;
; Number of registers using Asynchronous Clear ; 0     ;
; Number of registers using Asynchronous Load  ; 0     ;
; Number of registers using Clock Enable       ; 0     ;
; Number of registers using Preset             ; 0     ;
+----------------------------------------------+-------+


+------------------------------------------------------------------------------------------------------------------------------------------+
; Multiplexer Restructuring Statistics (Restructuring Performed)                                                                           ;
+--------------------+-----------+---------------+----------------------+------------------------+------------+----------------------------+
; Multiplexer Inputs ; Bus Width ; Baseline Area ; Area if Restructured ; Saving if Restructured ; Registered ; Example Multiplexer Output ;
+--------------------+-----------+---------------+----------------------+------------------------+------------+----------------------------+
; 3:1                ; 4 bits    ; 8 LEs         ; 8 LEs                ; 0 LEs                  ; No         ; |alu_4bit|alu_1bit:u0|n2   ;
; 5:1                ; 4 bits    ; 12 LEs        ; 12 LEs               ; 0 LEs                  ; No         ; |alu_4bit|alu_1bit:u0|y    ;
+--------------------+-----------+---------------+----------------------+------------------------+------------+----------------------------+


+-------------------------------------------------+
; Port Connectivity Checks: "alu_1bit:u0|MUX4:u2" ;
+------+-------+----------+-----------------------+
; Port ; Type  ; Severity ; Details               ;
+------+-------+----------+-----------------------+
; a11  ; Input ; Info     ; Stuck at GND          ;
+------+-------+----------+-----------------------+


+-----------------------------------------------------+
; Post-Synthesis Netlist Statistics for Top Partition ;
+-----------------------+-----------------------------+
; Type                  ; Count                       ;
+-----------------------+-----------------------------+
; arriav_lcell_comb     ; 11                          ;
;     normal            ; 11                          ;
;         3 data inputs ; 2                           ;
;         4 data inputs ; 3                           ;
;         5 data inputs ; 2                           ;
;         6 data inputs ; 4                           ;
; boundary_port         ; 16                          ;
;                       ;                             ;
; Max LUT depth         ; 2.00                        ;
; Average LUT depth     ; 1.86                        ;
+-----------------------+-----------------------------+


+-------------------------------+
; Elapsed Time Per Partition    ;
+----------------+--------------+
; Partition Name ; Elapsed Time ;
+----------------+--------------+
; Top            ; 00:00:00     ;
+----------------+--------------+


+-------------------------------+
; Analysis & Synthesis Messages ;
+-------------------------------+
Info: *******************************************************************
Info: Running Quartus Prime Analysis & Synthesis
    Info: Version 19.1.0 Build 670 09/22/2019 SJ Lite Edition
    Info: Processing started: Mon Apr 13 04:31:35 2020
Info: Command: quartus_map --read_settings_files=on --write_settings_files=off alu_4bit -c alu_4bit
Warning (18236): Number of processors has not been specified which may cause overloading on shared machines.  Set the global assignment NUM_PARALLEL_PROCESSORS in your QSF to an appropriate value for best performance.
Info (20030): Parallel compilation is enabled and will use 2 of the 2 processors detected
Info (12021): Found 4 design units, including 4 entities, in source file alu_4bit.sv
    Info (12023): Found entity 1: FA File: C:/Users/ansal/OneDrive/Desktop/Source code/Quartus/alu_4bit/alu_4bit.sv Line: 4
    Info (12023): Found entity 2: MUX4 File: C:/Users/ansal/OneDrive/Desktop/Source code/Quartus/alu_4bit/alu_4bit.sv Line: 12
    Info (12023): Found entity 3: alu_1bit File: C:/Users/ansal/OneDrive/Desktop/Source code/Quartus/alu_4bit/alu_4bit.sv Line: 21
    Info (12023): Found entity 4: alu_4bit File: C:/Users/ansal/OneDrive/Desktop/Source code/Quartus/alu_4bit/alu_4bit.sv Line: 38
Info (12021): Found 1 design units, including 1 entities, in source file tb_alu_4bit.sv
    Info (12023): Found entity 1: tb_alu_4bit File: C:/Users/ansal/OneDrive/Desktop/Source code/Quartus/alu_4bit/tb_alu_4bit.sv Line: 3
Warning (10236): Verilog HDL Implicit Net warning at alu_4bit.sv(16): created implicit net for "n0" File: C:/Users/ansal/OneDrive/Desktop/Source code/Quartus/alu_4bit/alu_4bit.sv Line: 16
Warning (10236): Verilog HDL Implicit Net warning at alu_4bit.sv(17): created implicit net for "n1" File: C:/Users/ansal/OneDrive/Desktop/Source code/Quartus/alu_4bit/alu_4bit.sv Line: 17
Warning (10236): Verilog HDL Implicit Net warning at alu_4bit.sv(24): created implicit net for "n1" File: C:/Users/ansal/OneDrive/Desktop/Source code/Quartus/alu_4bit/alu_4bit.sv Line: 24
Warning (10236): Verilog HDL Implicit Net warning at alu_4bit.sv(25): created implicit net for "n2" File: C:/Users/ansal/OneDrive/Desktop/Source code/Quartus/alu_4bit/alu_4bit.sv Line: 25
Warning (10236): Verilog HDL Implicit Net warning at alu_4bit.sv(27): created implicit net for "n3" File: C:/Users/ansal/OneDrive/Desktop/Source code/Quartus/alu_4bit/alu_4bit.sv Line: 27
Warning (10236): Verilog HDL Implicit Net warning at alu_4bit.sv(29): created implicit net for "n4" File: C:/Users/ansal/OneDrive/Desktop/Source code/Quartus/alu_4bit/alu_4bit.sv Line: 29
Warning (10236): Verilog HDL Implicit Net warning at alu_4bit.sv(30): created implicit net for "n5" File: C:/Users/ansal/OneDrive/Desktop/Source code/Quartus/alu_4bit/alu_4bit.sv Line: 30
Warning (10236): Verilog HDL Implicit Net warning at alu_4bit.sv(31): created implicit net for "n6" File: C:/Users/ansal/OneDrive/Desktop/Source code/Quartus/alu_4bit/alu_4bit.sv Line: 31
Warning (10236): Verilog HDL Implicit Net warning at alu_4bit.sv(33): created implicit net for "n7" File: C:/Users/ansal/OneDrive/Desktop/Source code/Quartus/alu_4bit/alu_4bit.sv Line: 33
Warning (10236): Verilog HDL Implicit Net warning at alu_4bit.sv(42): created implicit net for "c1" File: C:/Users/ansal/OneDrive/Desktop/Source code/Quartus/alu_4bit/alu_4bit.sv Line: 42
Warning (10236): Verilog HDL Implicit Net warning at alu_4bit.sv(43): created implicit net for "c2" File: C:/Users/ansal/OneDrive/Desktop/Source code/Quartus/alu_4bit/alu_4bit.sv Line: 43
Warning (10236): Verilog HDL Implicit Net warning at alu_4bit.sv(44): created implicit net for "c3" File: C:/Users/ansal/OneDrive/Desktop/Source code/Quartus/alu_4bit/alu_4bit.sv Line: 44
Info (12127): Elaborating entity "alu_4bit" for the top level hierarchy
Info (12128): Elaborating entity "alu_1bit" for hierarchy "alu_1bit:u0" File: C:/Users/ansal/OneDrive/Desktop/Source code/Quartus/alu_4bit/alu_4bit.sv Line: 42
Info (12128): Elaborating entity "FA" for hierarchy "alu_1bit:u0|FA:u1" File: C:/Users/ansal/OneDrive/Desktop/Source code/Quartus/alu_4bit/alu_4bit.sv Line: 27
Info (12128): Elaborating entity "MUX4" for hierarchy "alu_1bit:u0|MUX4:u2" File: C:/Users/ansal/OneDrive/Desktop/Source code/Quartus/alu_4bit/alu_4bit.sv Line: 33
Info (286030): Timing-Driven Synthesis is running
Info (144001): Generated suppressed messages file C:/Users/ansal/OneDrive/Desktop/Source code/Quartus/alu_4bit/output_files/alu_4bit.map.smsg
Info (16010): Generating hard_block partition "hard_block:auto_generated_inst"
    Info (16011): Adding 0 node(s), including 0 DDIO, 0 PLL, 0 transceiver and 0 LCELL
Info (21057): Implemented 27 device resources after synthesis - the final resource count might be different
    Info (21058): Implemented 11 input pins
    Info (21059): Implemented 5 output pins
    Info (21061): Implemented 11 logic cells
Info: Quartus Prime Analysis & Synthesis was successful. 0 errors, 13 warnings
    Info: Peak virtual memory: 4816 megabytes
    Info: Processing ended: Mon Apr 13 04:31:52 2020
    Info: Elapsed time: 00:00:17
    Info: Total CPU time (on all processors): 00:00:35


+------------------------------------------+
; Analysis & Synthesis Suppressed Messages ;
+------------------------------------------+
The suppressed messages can be found in C:/Users/ansal/OneDrive/Desktop/Source code/Quartus/alu_4bit/output_files/alu_4bit.map.smsg.


