------------------------------------------------------------
Timing Analyzer Summary
------------------------------------------------------------

Type  : Slow 1100mV 85C Model Setup 'clk'
Slack : -0.474
TNS   : -1.304

Type  : Slow 1100mV 85C Model Hold 'clk'
Slack : 0.546
TNS   : 0.000

Type  : Slow 1100mV 85C Model Minimum Pulse Width 'clk'
Slack : -0.724
TNS   : -38.967

Type  : Slow 1100mV 0C Model Setup 'clk'
Slack : -0.542
TNS   : -1.530

Type  : Slow 1100mV 0C Model Hold 'clk'
Slack : 0.521
TNS   : 0.000

Type  : Slow 1100mV 0C Model Minimum Pulse Width 'clk'
Slack : -0.724
TNS   : -38.966

Type  : Fast 1100mV 85C Model Setup 'clk'
Slack : 0.378
TNS   : 0.000

Type  : Fast 1100mV 85C Model Hold 'clk'
Slack : 0.208
TNS   : 0.000

Type  : Fast 1100mV 85C Model Minimum Pulse Width 'clk'
Slack : -0.090
TNS   : -3.074

Type  : Fast 1100mV 0C Model Setup 'clk'
Slack : 0.418
TNS   : 0.000

Type  : Fast 1100mV 0C Model Hold 'clk'
Slack : 0.197
TNS   : 0.000

Type  : Fast 1100mV 0C Model Minimum Pulse Width 'clk'
Slack : -0.088
TNS   : -2.987

------------------------------------------------------------
