------------------------------------------------------------
Timing Analyzer Summary
------------------------------------------------------------

Type  : Slow 1100mV 85C Model Setup 'clk'
Slack : -0.213
TNS   : -0.213

Type  : Slow 1100mV 85C Model Hold 'clk'
Slack : 0.245
TNS   : 0.000

Type  : Slow 1100mV 85C Model Minimum Pulse Width 'clk'
Slack : -0.394
TNS   : -6.274

Type  : Slow 1100mV 0C Model Setup 'clk'
Slack : -0.259
TNS   : -0.300

Type  : Slow 1100mV 0C Model Hold 'clk'
Slack : 0.221
TNS   : 0.000

Type  : Slow 1100mV 0C Model Minimum Pulse Width 'clk'
Slack : -0.394
TNS   : -6.803

Type  : Fast 1100mV 85C Model Setup 'clk'
Slack : 0.314
TNS   : 0.000

Type  : Fast 1100mV 85C Model Hold 'clk'
Slack : 0.145
TNS   : 0.000

Type  : Fast 1100mV 85C Model Minimum Pulse Width 'clk'
Slack : -0.078
TNS   : -0.919

Type  : Fast 1100mV 0C Model Setup 'clk'
Slack : 0.332
TNS   : 0.000

Type  : Fast 1100mV 0C Model Hold 'clk'
Slack : 0.129
TNS   : 0.000

Type  : Fast 1100mV 0C Model Minimum Pulse Width 'clk'
Slack : -0.079
TNS   : -0.938

------------------------------------------------------------
