------------------------------------------------------------
Timing Analyzer Summary
------------------------------------------------------------

Type  : Slow 1100mV 85C Model Setup 'clk'
Slack : -0.053
TNS   : -0.070

Type  : Slow 1100mV 85C Model Hold 'clk'
Slack : 0.227
TNS   : 0.000

Type  : Slow 1100mV 85C Model Minimum Pulse Width 'clk'
Slack : -0.394
TNS   : -6.275

Type  : Slow 1100mV 0C Model Setup 'clk'
Slack : -0.085
TNS   : -0.104

Type  : Slow 1100mV 0C Model Hold 'clk'
Slack : 0.208
TNS   : 0.000

Type  : Slow 1100mV 0C Model Minimum Pulse Width 'clk'
Slack : -0.394
TNS   : -6.820

Type  : Fast 1100mV 85C Model Setup 'clk'
Slack : 0.376
TNS   : 0.000

Type  : Fast 1100mV 85C Model Hold 'clk'
Slack : 0.131
TNS   : 0.000

Type  : Fast 1100mV 85C Model Minimum Pulse Width 'clk'
Slack : -0.078
TNS   : -0.915

Type  : Fast 1100mV 0C Model Setup 'clk'
Slack : 0.407
TNS   : 0.000

Type  : Fast 1100mV 0C Model Hold 'clk'
Slack : 0.118
TNS   : 0.000

Type  : Fast 1100mV 0C Model Minimum Pulse Width 'clk'
Slack : -0.079
TNS   : -0.934

------------------------------------------------------------
